---
source: src/integration_test.rs
expression: test_runner.content()
---
<Untitled> [INSERT]                                                             
mod foo;                                                                       
                                                                               
fn main() {                                                                    
    println!("Hello, world!");                                                 
}                                                                              
abc                                                                             
                                                                                
                                                                                
                                                                                
                                                                                
                                                                                
                                                                                
                                                                                
                                                                                
                                                                                
                                                                                
                                                                                
                                                                                
                                                                                
                                                                                
                                                                                
                                                                                
                                                                                
