---
source: src/integration_test.rs
expression: test_runner.content()
---
<Untitled> [INSERT]                     │Completion [NORMAL:LINE]               
fn main() {                            │[1] option_env!                       
std::op                                │[2] Copy                              
    println!("Hello, world!");         │[3] Drop                              
}                                      │[4] Option                            
                                        │[5] drop                              
                                        │[6] loop                               
                                        │                                       
                                        │                                       
                                        │                                       
                                        │                                       
                                        │                                       
                                        │───────────────────────────────────────
                                        │ [NORMAL:CUSTOM]                       
                                        │Optionally inspects an environment vari
                                        │                                      
                                        │If the named environment variable is pr
                                        │expand into an expression of type `Opti
                                        │`Some` of the value of the environment 
                                        │variable is not present, then this will
                                        │[`Option<T>`][Option] for more informat
                                        │[`std::env::var`] instead if you want t
                                        │                                      
                                        │[`std::env::var`]: ../std/env/fn.var.ht
