---
source: src/integration_test.rs
expression: test_runner.content()
---
<Untitled> [NORMAL:CUSTOM]                                                      
pub fn foo() {}                                                                 
                                                                                
                                                                                
                                                                                
                                                                                
                                                                                
                                                                                
                                                                                
                                                                                
                                                                                
                                                                                
                                                                                
                                                                                
                                                                                
                                                                                
                                                                                
                                                                                
                                                                                
                                                                                
                                                                                
                                                                                
                                                                                
                                                                                
