---
source: src/integration_test.rs
expression: test_runner.content()
---
<Untitled> [NORMAL:CUSTOM]                                                      
1│pub struct Foo {                                                              
2│    a: (),                                                                    
3│    b: (),                                                                    
4│}                                                                             
5│                                                                              
6│pub fn foo() -> Foo {                                                         
7│    Foo { a: (), b: () }                                                      
8│}                                                                             
9│                                                                              
 │                                                                              
 │                                                                              
 │                                                                              
 │                                                                              
 │                                                                              
 │                                                                              
 │                                                                              
 │                                                                              
 │                                                                              
 │                                                                              
 │                                                                              
 │                                                                              
 │                                                                              
 │                                                                              
