---
source: src/integration_test.rs
expression: test_runner.content()
---
<Untitled> [INSERT]                     │Completion [NORMAL:LINE]               
mod foo;                                │[1] option                             
use std::opt                            │[2] option_env                         
                                        │                                       
fn main() {                             │                                       
    println!("Hello, world!");          │                                       
}                                       │                                       
                                        │                                       
                                        │                                       
                                        │                                       
                                        │                                       
                                        │                                       
                                        │───────────────────────────────────────
                                        │ [NORMAL:CUSTOM]                       
                                        │Optional values.                       
                                        │                                       
                                        │Type [`Option`] represents an optional 
                                        │is either [`Some`] and contains a value
                                        │does not. [`Option`] types are very com
                                        │they have a number of uses:            
                                        │                                       
                                        │* Initial values                       
                                        │* Return values for functions that are 
                                        │  over their entire input range (partia
