---
source: src/integration_test.rs
expression: test_runner.content()
---
<Untitled> [INSERT]                                                             
1│mod foo;                                                                      
2│                                                                              
3│fn main() {                                                                   
4│    foo::foo();                                                               
5│    println!("Hello, world!");                                                
6│}                                                                             
7│abc                                                                           
 │                                                                              
 │                                                                              
 │                                                                              
 │                                                                              
 │                                                                              
 │                                                                              
 │                                                                              
 │                                                                              
 │                                                                              
 │                                                                              
 │                                                                              
 │                                                                              
 │                                                                              
 │                                                                              
 │                                                                              
 │                                                                              
